******************************************************************************
               TMS320C6x Linker PC v7.4.2                      
******************************************************************************
>> Linked Mon Nov 23 19:00:49 2015

OUTPUT FILE NAME:   <BSLC6670_srio_discovery_ex.out>
ENTRY POINT SYMBOL: "_c_int00"  address: 10815a60


MEMORY CONFIGURATION

         name            origin    length      used     unused   attr    fill
----------------------  --------  ---------  --------  --------  ----  --------
  LOCAL_INT_VECT        00800000   00000100  00000000  00000100  RWIX
  LOCAL_BOARD_INFO      00800100   00000100  00000000  00000100  RWIX
  LOCAL_L2              00800200   000ffe00  00000000  000ffe00  RWIX
  LOCAL_L1P             00e00000   00008000  00000000  00008000  RWIX
  LOCAL_L1D             00f00000   00008000  00000000  00008000  RWIX
  CORE0_INT_VECT        10800000   00000100  00000000  00000100  RWIX
  CORE0_BOARD_INFO      10800100   00000100  00000000  00000100  RWIX
  CORE0_L2              10800200   000ffe00  0001e167  000e1c99  RWIX
  CORE0_L1P             10e00000   00008000  00000000  00008000  RWIX
  CORE0_L1D             10f00000   00008000  00000000  00008000  RWIX
  CORE1_INT_VECT        11800000   00000100  00000000  00000100  RWIX
  CORE1_BOARD_INFO      11800100   00000100  00000000  00000100  RWIX
  CORE1_L2              11800200   000ffe00  00000000  000ffe00  RWIX
  CORE1_L1P             11e00000   00008000  00000000  00008000  RWIX
  CORE1_L1D             11f00000   00008000  00000000  00008000  RWIX
  CORE2_INT_VECT        12800000   00000100  00000000  00000100  RWIX
  CORE2_BOARD_INFO      12800100   00000100  00000000  00000100  RWIX
  CORE2_L2              12800200   000ffe00  00000000  000ffe00  RWIX
  CORE2_L1P             12e00000   00008000  00000000  00008000  RWIX
  CORE2_L1D             12f00000   00008000  00000000  00008000  RWIX
  CORE3_INT_VECT        13800000   00000100  00000000  00000100  RWIX
  CORE3_BOARD_INFO      13800100   00000100  00000000  00000100  RWIX
  CORE3_L2              13800200   000ffe00  00000000  000ffe00  RWIX
  CORE3_L1P             13e00000   00008000  00000000  00008000  RWIX
  CORE3_L1D             13f00000   00008000  00000000  00008000  RWIX
  DDR3                  80000000   40000000  00000000  40000000  RWIX


SEGMENT ALLOCATION MAP

run origin  load origin   length   init length attrs members
----------  ----------- ---------- ----------- ----- -------
10800200    10800200    00016240   00016240    r-x
  10800200    10800200    00016240   00016240    r-x .text
10816440    10816440    00004a20   00000000    rw-
  10816440    10816440    00003000   00000000    rw- .stack
  10819440    10819440    00001a20   00000000    rw- .far
1081ae60    1081ae60    0000115f   0000115f    r--
  1081ae60    1081ae60    0000115f   0000115f    r-- .const
1081bfc0    1081bfc0    00001000   00000000    rw-
  1081bfc0    1081bfc0    00001000   00000000    rw- .sysmem
1081cfc0    1081cfc0    00000bec   00000bec    rw-
  1081cfc0    1081cfc0    00000638   00000638    rw- .bss
  1081d5f8    1081d5f8    000005b4   000005b4    rw- .fardata
1081dc00    1081dc00    00000200   00000200    r-x
  1081dc00    1081dc00    00000200   00000200    r-x .csl_vect
1081de00    1081de00    00000120   00000000    rw-
  1081de00    1081de00    00000120   00000000    rw- .cio
1081df20    1081df20    000000f0   000000f0    r--
  1081df20    1081df20    000000f0   000000f0    r-- .switch
1081e010    1081e010    000000a4   000000a4    rw-
  1081e010    1081e010    000000a4   000000a4    rw- .neardata
1081e0b4    1081e0b4    00000308   00000308    r--
  1081e0b4    1081e0b4    00000308   00000308    r-- .cinit


SECTION ALLOCATION MAP

 output                                  attributes/
section   page    origin      length       input sections
--------  ----  ----------  ----------   ----------------
.text      0    10800200    00016240     
                  10800200    00003340     BSLC667X_srio_discovery_ex.obj (.text)
                  10803540    00001600     bslc6670.ae66e : BSLC667X_srio_hw_setup_ext.obj (.text)
                  10804b40    00001320                    : BSLC667X_control_utils.obj (.text:BSLC667X_section:control)
                  10805e60    00000d20                    : BSLC667X_mmc_ipmi_misc.obj (.text:BSLC667X_section:mmc)
                  10806b80    00000cc0                    : BSLC667X_srio_init.obj (.text:BSLC667X_section:dsp_srio)
                  10807840    000009c0                    : BSLC667X_init.obj (.text:BSLC667X_section:common)
                  10808200    00000920                    : BSLC667X_srio_port_sync.obj (.text:BSLC667X_section:dsp_srio)
                  10808b20    00000900                    : BSLC667X_mmc_fru.obj (.text:BSLC667X_section:mmc)
                  10809420    00000880                    : BSLC667X_ddr3_hw_config.obj (.text:BSLC667X_section:dsp_ddr3)
                  10809ca0    000006c0                    : BSLC667X_srio_misc_interrupt_handler.obj (.text:BSLC667X_section:dsp_srio:retain)
                  1080a360    000006c0                    : BSLC667X_srio_hw_setup_ext.obj (.text:BSLC667X_section:srio)
                  1080aa20    00000680                    : BSLC667X_srio_directio_xfer.obj (.text:BSLC667X_section:dsp_srio)
                  1080b0a0    00000640                    : BSLC667X_srio_lsu_xfer_sync.obj (.text)
                  1080b6e0    00000600                    : BSLC667X_srio_maint_xfer.obj (.text:BSLC667X_section:dsp_srio)
                  1080bce0    000005c0     rts6600e_elf.lib : divd.obj (.text:__c6xabi_divd)
                  1080c2a0    000005c0                      : _printfi.obj (.text:_getarg_diouxp)
                  1080c860    000005a0     bslc6670.ae66e : BSLC667X_spi_hw_config.obj (.text:BSLC667X_section:dsp_spi)
                  1080ce00    00000500                    : BSLC667X_pllc_hw_config.obj (.text:BSLC667X_section:dsp_pllc)
                  1080d300    00000500                    : BSLC667X_mmc_cntl.obj (.text:BSLC667X_section:mmc)
                  1080d800    000004e0                    : BSLC667X_mmc_cntl_poll_recv.obj (.text:BSLC667X_section:mmc)
                  1080dce0    00000460     rts6600e_elf.lib : _printfi.obj (.text:_printfi)
                  1080e140    00000460                      : _printfi.obj (.text:_setfield)
                  1080e5a0    000003c0     ti.csl.intc.ae66e : csl_intcHwControl.oe66e (.text:csl_section:intc:CSL_intcHwControl)
                  1080e960    000003a0     rts6600e_elf.lib : fputs.obj (.text:fputs)
                  1080ed00    00000320                      : _printfi.obj (.text:_pproc_fge)
                  1080f020    000002e0                      : _printfi.obj (.text:_pproc_fwp)
                  1080f300    000002c0     bslc6670.ae66e : BSLC667X_srio_lsu_queue_intr.obj (.text:BSLC667X_section:dsp_srio:retain)
                  1080f5c0    000002a0                    : BSLC667X_srio_lsu_xfer_async.obj (.text)
                  1080f860    000002a0     rts6600e_elf.lib : _printfi.obj (.text:fcvt)
                  1080fb00    00000280                      : _printfi.obj (.text:ecvt)
                  1080fd80    00000280                      : memory.obj (.text:free)
                  10810000    00000260     bslc6670.ae66e : BSLC667X_control_reg_write.obj (.text:BSLC667X_section:control)
                  10810260    00000240                    : BSLC667X_control_reg_read.obj (.text:BSLC667X_section:control)
                  108104a0    00000240     rts6600e_elf.lib : imath64.obj (.text:__c6xabi_divull)
                  108106e0    00000240                      : _printfi.obj (.text:_pconv_e)
                  10810920    00000240                      : _printfi.obj (.text:_pproc_diouxp)
                  10810b60    00000220                      : _printfi.obj (.text:_pproc_str)
                  10810d80    00000220     ti.csl.intc.ae66e : csl_intcOpen.oe66e (.text:csl_section:intc:CSL_intcOpen)
                  10810fa0    00000220                       : _csl_intcCombEventDispatcher.oe66e (.text:csl_section:intc:_CSL_intcEvent0Dispatcher)
                  108111c0    00000220                       : _csl_intcCombEventDispatcher.oe66e (.text:csl_section:intc:_CSL_intcEvent1Dispatcher)
                  108113e0    00000220                       : _csl_intcCombEventDispatcher.oe66e (.text:csl_section:intc:_CSL_intcEvent2Dispatcher)
                  10811600    00000220                       : _csl_intcCombEventDispatcher.oe66e (.text:csl_section:intc:_CSL_intcEvent3Dispatcher)
                  10811820    00000220     rts6600e_elf.lib : fputc.obj (.text:fputc)
                  10811a40    00000200     bslc6670.ae66e : BSLC667X_intc_init.obj (.text:BSLC667X_section:dsp_intc)
                  10811c40    00000200     rts6600e_elf.lib : _printfi.obj (.text:_pconv_g)
                  10811e40    00000200                      : setvbuf.obj (.text:setvbuf)
                  10812040    000001e0     ti.csl.intc.ae66e : _csl_intcDispatcher.oe66e (.text:csl_section:intc:_CSL_intcDispatcher)
                  10812220    000001c0     rts6600e_elf.lib : _printfi.obj (.text:_mcpy)
                  108123e0    000001a0     bslc6670.ae66e : BSLC667X_srio_update_default_hwconfig.obj (.text:BSLC667X_section:dsp_srio)
                  10812580    000001a0     rts6600e_elf.lib : trgdrv.obj (.text:HOSTrename)
                  10812720    000001a0                      : imath40.obj (.text:__c6xabi_divul)
                  108128c0    000001a0     bslc6670.ae66e : BSLC667X_control_utils.obj (.text:ca_section:control)
                  10812a60    00000180     rts6600e_elf.lib : copy_decompress_rle.obj (.text:__TI_decompress_rle_core)
                  10812be0    00000180                      : memory.obj (.text:malloc)
                  10812d60    00000160     bslc6670.ae66e : BSLC667X_srio_lsu_xfer_sync.obj (.text:BSLC667X_section:dsp_srio)
                  10812ec0    00000160                    : BSLC667X_spi_xfer.obj (.text:ca_section:dsp_spi)
                  10813020    00000140     ti.csl.ae66e : csl_chip.oe66e (.text:CSL_chipReadReg)
                  10813160    00000140     rts6600e_elf.lib : _printfi.obj (.text:_pproc_fflags)
                  108132a0    00000140     ti.csl.intc.ae66e : csl_intcInit.oe66e (.text:csl_section:intc:CSL_intcInit)
                  108133e0    00000140                       : _csl_intcIntrEnDisRes.oe66e (.text:csl_section:intc)
                  10813520    00000140     rts6600e_elf.lib : lowlev.obj (.text:getdevice)
                  10813660    00000120                      : fclose.obj (.text:_closefile)
                  10813780    00000120                      : _printfi.obj (.text:_ltostr)
                  108138a0    00000120     bslc6670.ae66e : BSLC667X_psc_hw_config.obj (.text)
                  108139c0    00000120     rts6600e_elf.lib : fseek.obj (.text:fseek)
                  10813ae0    00000100     bslc6670.ae66e : BSLC667X_psc_hw_config.obj (.text:BSLC667X_section:dsp_psc)
                  10813be0    00000100                    : BSLC667X_spi_init.obj (.text:BSLC667X_section:dsp_spi)
                  10813ce0    00000100     rts6600e_elf.lib : trgdrv.obj (.text:HOSTlseek)
                  10813de0    00000100                      : autoinit.obj (.text:_auto_init_elf)
                  10813ee0    00000100                      : _io_perm.obj (.text:_wrt_ok)
                  10813fe0    00000100     bslc6670.ae66e : BSLC667X_init.obj (.text)
                  108140e0    00000100     rts6600e_elf.lib : cpy_tbl.obj (.text:copy_in)
                  108141e0    000000e0     bslc6670.ae66e : BSLC667X_pllc_init.obj (.text:BSLC667X_section:dsp_pllc)
                  108142c0    000000e0     rts6600e_elf.lib : trgdrv.obj (.text:HOSTopen)
                  108143a0    000000e0                      : _printfi.obj (.text:_div)
                  10814480    000000e0                      : atoi.obj (.text:atoi)
                  10814560    000000e0                      : lowlev.obj (.text:close)
                  10814640    000000e0                      : copy_zero_init.obj (.text:decompress:ZI:__TI_zero_init)
                  10814720    000000e0                      : ltoa.obj (.text:ltoa)
                  10814800    000000e0                      : memset.obj (.text:memset)
                  108148e0    000000e0                      : printf.obj (.text:printf)
                  108149c0    000000c0     bslc6670.ae66e : BSLC667X_srio_lsu_xfer_async.obj (.text:BSLC667X_section:dsp_srio)
                  10814a80    000000c0     rts6600e_elf.lib : trgdrv.obj (.text:HOSTread)
                  10814b40    000000c0                      : trgdrv.obj (.text:HOSTunlink)
                  10814c00    000000c0                      : trgdrv.obj (.text:HOSTwrite)
                  10814cc0    000000c0                      : divu.obj (.text:__divu)
                  10814d80    000000c0                      : fflush.obj (.text:_doflush)
                  10814e40    000000c0     bslc6670.ae66e : BSLC667X_srio_init.obj (.text)
                  10814f00    000000c0                    : BSLC667X_srio_port_sync.obj (.text)
                  10814fc0    000000c0     rts6600e_elf.lib : exit.obj (.text:exit)
                  10815080    000000c0                      : tls.obj (.text:tls:init:__TI_tls_init)
                  10815140    000000a0                      : trgdrv.obj (.text:HOSTclose)
                  108151e0    000000a0                      : fopen.obj (.text:_cleanup)
                  10815280    000000a0                      : _printfi.obj (.text:_ecpy)
                  10815320    000000a0                      : _printfi.obj (.text:_fcpy)
                  108153c0    000000a0                      : memory.obj (.text:_minit)
                  10815460    000000a0                      : _printfi.obj (.text:_pconv_f)
                  10815500    000000a0     ti.csl.intc.ae66e : csl_intcClose.oe66e (.text:csl_section:intc:CSL_intcClose)
                  108155a0    000000a0     rts6600e_elf.lib : lowlev.obj (.text:finddevice)
                  10815640    000000a0                      : lowlev.obj (.text:lseek)
                  108156e0    000000a0                      : memcpy64.obj (.text:memcpy)
                  10815780    000000a0                      : memory.obj (.text:minsert)
                  10815820    000000a0                      : memory.obj (.text:mremove)
                  108158c0    000000a0                      : lowlev.obj (.text:write)
                  10815960    00000080     bslc6670.ae66e : BSLC667X_ddr3_init.obj (.text:BSLC667X_section:dsp_ddr3)
                  108159e0    00000080     rts6600e_elf.lib : llshift.obj (.text:__c6xabi_llshl)
                  10815a60    00000080                      : boot.obj (.text:_c_int00)
                  10815ae0    00000080     bslc6670.ae66e : BSLC667X_srio_lsu_queue_intr.obj (.text)
                  10815b60    00000080                    : BSLC667X_srio_misc_interrupt_handler.obj (.text)
                  10815be0    00000080     rts6600e_elf.lib : trgmsg.obj (.text:readmsg)
                  10815c60    00000080                      : lowlev.obj (.text:unlink)
                  10815ce0    00000060     bslc6670.ae66e : BSLC667X_delay.obj (.text:BSLC667X_section:common)
                  10815d40    00000060                    : BSLC667X_mmc_init.obj (.text:BSLC667X_section:mmc)
                  10815da0    00000060     rts6600e_elf.lib : cpp_init.obj (.text:__TI_cpp_init)
                  10815e00    00000060                      : frcmpyd_div.obj (.text:__c6xabi_frcmpyd_div)
                  10815e60    00000060                      : llshift.obj (.text:__c6xabi_llshru)
                  10815ec0    00000060                      : imath64.obj (.text:_subcull)
                  10815f20    00000060     bslc6670.ae66e : BSLC667X_ddr3_hw_config.obj (.text)
                  10815f80    00000060     rts6600e_elf.lib : memccpy.obj (.text:memccpy)
                  10815fe0    00000060                      : trgmsg.obj (.text:writemsg)
                  10816040    00000040     bslc6670.ae66e : BSLC667X_control_init.obj (.text:BSLC667X_section:control)
                  10816080    00000040                    : BSLC667X_dsp_cntl.obj (.text:BSLC667X_section:dsp_gpio)
                  108160c0    00000040     ti.csl.ae66e : csl_cpIntcGetBaseAddress.oe66e (.text:CSL_CPINTC_open)
                  10816100    00000040     rts6600e_elf.lib : isinf.obj (.text:__c6xabi_isinf)
                  10816140    00000040                      : _printfi.obj (.text:__c6xabi_isnan)
                  10816180    00000040                      : strasg.obj (.text:__strasgi_64plus)
                  108161c0    00000040                      : args_main.obj (.text:_args_main)
                  10816200    00000040     bslc6670.ae66e : BSLC667X_pllc_hw_config.obj (.text)
                  10816240    00000020                    : BSLC667X_psc_init.obj (.text:BSLC667X_section:dsp_psc)
                  10816260    00000020     ti.csl.ae66e : csl_pllcGetBaseAddress.oe66e (.text:CSL_PLLC_open)
                  10816280    00000020                  : csl_srioGetBaseAddress.oe66e (.text:CSL_SRIO_Open)
                  108162a0    00000020     rts6600e_elf.lib : negll.obj (.text:__c6xabi_negll)
                  108162c0    00000020                      : _lock.obj (.text:_nop)
                  108162e0    00000020                      : printf.obj (.text:_outc)
                  10816300    00000020                      : printf.obj (.text:_outs)
                  10816320    00000020                      : exit.obj (.text:abort)
                  10816340    00000020     bslc6670.ae66e : BSLC667X_control_reg_write.obj (.text)
                  10816360    00000020                    : BSLC667X_dsp_cntl.obj (.text)
                  10816380    00000020                    : BSLC667X_srio_maint_xfer.obj (.text)
                  108163a0    00000020                    : BSLC667X_mmc_cntl.obj (.text:ca_section:mmc)
                  108163c0    00000020     ti.csl.intc.ae66e : csl_intcHookIsr.oe66e (.text:csl_section:intc:CSL_intcHookIsr)
                  108163e0    00000020                       : _csl_intcNmiDummy.oe66e (.text:csl_section:intc)
                  10816400    00000020     rts6600e_elf.lib : copy_decompress_none.obj (.text:decompress:none:__TI_decompress_none)
                  10816420    00000020                      : copy_decompress_rle.obj (.text:decompress:rle24:__TI_decompress_rle24)

.stack     0    10816440    00003000     UNINITIALIZED
                  10816440    00000008     rts6600e_elf.lib : boot.obj (.stack)
                  10816448    00002ff8     --HOLE--

.far       0    10819440    00001a20     UNINITIALIZED
                  10819440    000018d8     BSLC667X_srio_discovery_ex.obj (.far)
                  1081ad18    00000140     rts6600e_elf.lib : defs.obj (.far)
                  1081ae58    00000008                      : trgdrv.obj (.far)

.const     0    1081ae60    0000115f     
                  1081ae60    00000c5c     BSLC667X_srio_discovery_ex.obj (.const:.string)
                  1081babc    00000204     bslc6670.ae66e : BSLC667X_srio_init.obj (.const)
                  1081bcc0    00000101     rts6600e_elf.lib : ctype.obj (.const:.string:_ctypes_)
                  1081bdc1    00000007     --HOLE-- [fill = 0]
                  1081bdc8    000000fc     bslc6670.ae66e : BSLC667X_mmc_ipmi_misc.obj (.const:$P$T0$1)
                  1081bec4    0000005c     BSLC667X_srio_discovery_ex.obj (.const)
                  1081bf20    00000027     bslc6670.ae66e : BSLC667X_spi_init.obj (.const)
                  1081bf47    00000023     rts6600e_elf.lib : _printfi.obj (.const:.string)
                  1081bf6a    00000006     --HOLE-- [fill = 0]
                  1081bf70    00000010     bslc6670.ae66e : BSLC667X_srio_init.obj (.const:.string:$P$T3$8)
                  1081bf80    00000010                    : BSLC667X_srio_init.obj (.const:.string:$P$T4$9)
                  1081bf90    00000010                    : BSLC667X_srio_init.obj (.const:.string:$P$T5$13)
                  1081bfa0    00000010                    : BSLC667X_srio_init.obj (.const:.string:$P$T6$14)
                  1081bfb0    0000000f                    : BSLC667X_pllc_init.obj (.const)

.sysmem    0    1081bfc0    00001000     UNINITIALIZED
                  1081bfc0    00000008     rts6600e_elf.lib : memory.obj (.sysmem)
                  1081bfc8    00000ff8     --HOLE--

.bss       0    1081cfc0    00000638     
                  1081cfc0    000004a4     bslc6670.ae66e : BSLC667X_intc_init.obj (.bss:BSLC667X_section:dsp_intc) [fill = 0]
                  1081d464    00000004     --HOLE--
                  1081d468    00000081                    : BSLC667X_mmc_cntl_poll_recv.obj (.bss:BSLC667X_section:mmc) [fill = 0]
                  1081d4e9    00000003     --HOLE--
                  1081d4ec    00000054                    : BSLC667X_init.obj (.bss:BSLC667X_section:common) [fill = 0]
                  1081d540    00000054                    : BSLC667X_srio_init.obj (.bss:BSLC667X_section:dsp_srio) [fill = 0]
                  1081d594    0000004c     ti.csl.intc.ae66e : _csl_intcResource.oe66e (.bss:csl_section:intc:uninit) [fill = 0]
                  1081d5e0    00000008     bslc6670.ae66e : BSLC667X_mmc_init.obj (.bss:BSLC667X_section:mmc) [fill = 0]
                  1081d5e8    00000008     BSLC667X_srio_discovery_ex.obj (.bss) [fill = 0]
                  1081d5f0    00000008     ti.csl.intc.ae66e : _csl_intcResource.oe66e (.bss:csl_section:intc:init)

.fardata   0    1081d5f8    000005b4     
                  1081d5f8    000001e0     rts6600e_elf.lib : defs.obj (.fardata:_ftable)
                  1081d7d8    00000170     bslc6670.ae66e : BSLC667X_srio_port_sync.obj (.fardata)
                  1081d948    000000a0     rts6600e_elf.lib : lowlev.obj (.fardata:_stream)
                  1081d9e8    00000078                      : lowlev.obj (.fardata:_device)
                  1081da60    00000024     bslc6670.ae66e : BSLC667X_ddr3_hw_config.obj (.fardata:ddr3GatelvlInit1066$3)
                  1081da84    00000004     rts6600e_elf.lib : defs.obj (.fardata)
                  1081da88    00000024     bslc6670.ae66e : BSLC667X_ddr3_hw_config.obj (.fardata:ddr3GatelvlInit1333$14)
                  1081daac    00000004     --HOLE--
                  1081dab0    00000024                    : BSLC667X_ddr3_hw_config.obj (.fardata:ddr3GatelvlInit1600$25)
                  1081dad4    00000004     --HOLE--
                  1081dad8    00000024                    : BSLC667X_ddr3_hw_config.obj (.fardata:ddr3WrlvlInit1066$2)
                  1081dafc    00000004     --HOLE--
                  1081db00    00000024                    : BSLC667X_ddr3_hw_config.obj (.fardata:ddr3WrlvlInit1333$13)
                  1081db24    00000004     --HOLE--
                  1081db28    00000024                    : BSLC667X_ddr3_hw_config.obj (.fardata:ddr3WrlvlInit1600$24)
                  1081db4c    00000004     --HOLE--
                  1081db50    00000010                    : BSLC667X_ddr3_hw_config.obj (.fardata:ddr3LvlSlaveRatio1066$4)
                  1081db60    00000010                    : BSLC667X_ddr3_hw_config.obj (.fardata:ddr3LvlSlaveRatio1333$15)
                  1081db70    00000010                    : BSLC667X_ddr3_hw_config.obj (.fardata:ddr3LvlSlaveRatio1600$26)
                  1081db80    0000000c                    : BSLC667X_mmc_ipmi_misc.obj (.fardata:BSLC667X_MmcuTCAIpmiGeoAddr)
                  1081db8c    0000000c     rts6600e_elf.lib : exit.obj (.fardata)
                  1081db98    0000000c                      : memory.obj (.fardata)
                  1081dba4    00000008                      : _lock.obj (.fardata)

.csl_vect 
*          0    1081dc00    00000200     
                  1081dc00    00000200     ti.csl.intc.ae66e : _csl_intcIsrDispatch.oe66e (.csl_vect)

.cio       0    1081de00    00000120     UNINITIALIZED
                  1081de00    00000120     rts6600e_elf.lib : trgmsg.obj (.cio)

.switch    0    1081df20    000000f0     
                  1081df20    00000070     ti.csl.ae66e : csl_chip.oe66e (.switch:CSL_chipReadReg)
                  1081df90    00000024     bslc6670.ae66e : BSLC667X_control_utils.obj (.switch:BSLC667X_ControlUartSrcCntlConAtoB)
                  1081dfb4    0000001c     ti.csl.intc.ae66e : csl_intcHwControl.oe66e (.switch:CSL_intcHwControl)
                  1081dfd0    00000010     bslc6670.ae66e : BSLC667X_ddr3_init.obj (.switch:BSLC667X_Ddr3Initialise)
                  1081dfe0    00000010                    : BSLC667X_srio_misc_interrupt_handler.obj (.switch:BSLC667X_SrioDoorBellIntrHandler)
                  1081dff0    00000010                    : BSLC667X_srio_misc_interrupt_handler.obj (.switch:BSLC667X_SrioInterruptHandler)
                  1081e000    00000010     ti.csl.intc.ae66e : csl_intcOpen.oe66e (.switch:CSL_intcOpen)

.neardata 
*          0    1081e010    000000a4     
                  1081e010    00000060     bslc6670.ae66e : BSLC667X_ddr3_hw_config.obj (.neardata)
                  1081e070    0000001c                    : BSLC667X_srio_init.obj (.neardata)
                  1081e08c    00000008                    : BSLC667X_control_utils.obj (.neardata)
                  1081e094    00000005     BSLC667X_srio_discovery_ex.obj (.neardata)
                  1081e099    00000003     --HOLE--
                  1081e09c    00000004     bslc6670.ae66e : BSLC667X_control_init.obj (.neardata)
                  1081e0a0    00000004                    : BSLC667X_ddr3_init.obj (.neardata)
                  1081e0a4    00000004                    : BSLC667X_init.obj (.neardata)
                  1081e0a8    00000004                    : BSLC667X_intc_init.obj (.neardata)
                  1081e0ac    00000004                    : BSLC667X_mmc_init.obj (.neardata)
                  1081e0b0    00000004                    : BSLC667X_spi_init.obj (.neardata)

.cinit     0    1081e0b4    00000308     
                  1081e0b4    0000024e     (.cinit..fardata.load) [load image, compression = rle]
                  1081e302    00000002     --HOLE-- [fill = 0]
                  1081e304    00000075     (.cinit..neardata.load) [load image, compression = rle]
                  1081e379    00000003     --HOLE-- [fill = 0]
                  1081e37c    0000000c     (__TI_handler_table)
                  1081e388    0000000b     (.cinit..bss.load) [load image, compression = rle]
                  1081e393    00000001     --HOLE-- [fill = 0]
                  1081e394    00000008     (.cinit..far.load) [load image, compression = zero_init]
                  1081e39c    00000020     (__TI_cinit_table)


LINKER GENERATED COPY TABLES

__TI_cinit_table @ 1081e39c records: 4, size/record: 8, table size: 32
	.fardata: load addr=1081e0b4, load size=0000024e bytes, run addr=1081d5f8, run size=000005b4 bytes, compression=rle
	.neardata: load addr=1081e304, load size=00000075 bytes, run addr=1081e010, run size=000000a4 bytes, compression=rle
	.bss: load addr=1081e388, load size=0000000b bytes, run addr=1081cfc0, run size=00000638 bytes, compression=rle
	.far: load addr=1081e394, load size=00000008 bytes, run addr=10819440, run size=00001a20 bytes, compression=zero_init


LINKER GENERATED HANDLER TABLE

__TI_handler_table @ 1081e37c records: 3, size/record: 4, table size: 12
	index: 0, handler: __TI_decompress_rle24
	index: 1, handler: __TI_decompress_none
	index: 2, handler: __TI_zero_init


GLOBAL SYMBOLS: SORTED ALPHABETICALLY BY Name 

address    name
--------   ----
108051d4   BSLC667X_ControlDSPSetEndian
108050e4   BSLC667X_ControlDspIntDisable
10804e14   BSLC667X_ControlDspLocalReset
10804d2c   BSLC667X_ControlDspPOR
1080538c   BSLC667X_ControlFlashRead
1080532c   BSLC667X_ControlFlashReady
108054c0   BSLC667X_ControlFlashWrite
10805238   BSLC667X_ControlFpga0ChipReset
108052d0   BSLC667X_ControlFpga0FlashLock
108052f8   BSLC667X_ControlFpga0FlashUnLock
1080526c   BSLC667X_ControlFpga0WarmReset
10805d50   BSLC667X_ControlGetBoardInfo
10804bb0   BSLC667X_ControlGetControlRevision
10804b40   BSLC667X_ControlGetControlScratch
10804b8c   BSLC667X_ControlGetControlType
10805040   BSLC667X_ControlGetDspBootMode
10804d08   BSLC667X_ControlGetDspId
10804c48   BSLC667X_ControlGetFpgaBootMode
10805148   BSLC667X_ControlGetIntStatus
10804bd4   BSLC667X_ControlGetMezzanineType
10804bf8   BSLC667X_ControlGetSpiTimeout
10816040   BSLC667X_ControlInitialise
1080516c   BSLC667X_ControlIntClear
108050b8   BSLC667X_ControlIntEnable
10805710   BSLC667X_ControlMdioPhyRegRead
108055b0   BSLC667X_ControlMdioPhyRegWrite
10810260   BSLC667X_ControlRegRead
10810000   BSLC667X_ControlRegWrite
10804b64   BSLC667X_ControlSetControlScratch
10804f38   BSLC667X_ControlSetDspBootMode
10804ca4   BSLC667X_ControlSetFpgaBootMode
10804c20   BSLC667X_ControlSetSpiTimeout
10805b70   BSLC667X_ControlUartEmptyFifo
10805870   BSLC667X_ControlUartRead
10805c34   BSLC667X_ControlUartReadRxFifoLvl
10805cc4   BSLC667X_ControlUartReadTxFifoLvl
108128c0   BSLC667X_ControlUartSrcCntlConAtoB
10805a0c   BSLC667X_ControlUartWrite
10809420   BSLC667X_Ddr3HwSetup
10815960   BSLC667X_Ddr3Initialise
108149c0   BSLC667X_DoLsuXferAsync
10812d60   BSLC667X_DoLsuXferSync
10816080   BSLC667X_DspGetGeoAddr
108079c4   BSLC667X_GetBoardConfig
10807840   BSLC667X_Initialise
10811a40   BSLC667X_IntcInitialise
10815ce0   BSLC667X_MicrosecWait
1080d300   BSLC667X_MmcAddBellIntrCallBack
108062c4   BSLC667X_MmcBoardReset
10809398   BSLC667X_MmcFruCheckSum
10806170   BSLC667X_MmcGetDeviceId
108060d0   BSLC667X_MmcGetGeographicAddr
10805f10   BSLC667X_MmcGetStatus
10805e60   BSLC667X_MmcGetuTCAGeographicAddr
10815d40   BSLC667X_MmcInitialise
108163a0   BSLC667X_MmcIpmiRsCallbk
1080d800   BSLC667X_MmcPollReceiveResponse
1080d920   BSLC667X_MmcProcessMmcRs
10806404   BSLC667X_MmcReadEeprom
10806920   BSLC667X_MmcReadLtcReg
10806330   BSLC667X_MmcReadSsn
108069ec   BSLC667X_MmcReadTempSensor
10805fb0   BSLC667X_MmcSendDiagResults
1080d748   BSLC667X_MmcSendIpmiRq
1080d344   BSLC667X_MmcSendIpmiRqAsync
1080670c   BSLC667X_MmcSendIpmiRqRawSync
10806564   BSLC667X_MmcWriteEeprom
1081db80   BSLC667X_MmcuTCAIpmiGeoAddr
1080ce00   BSLC667X_PllcHwSetup
108141e0   BSLC667X_PllcInitialise
10813ae0   BSLC667X_PscHwSetup
10816240   BSLC667X_PscInitialise
10808b20   BSLC667X_ReadMmcFru
10807ecc   BSLC667X_RetrieveBoardInfo
1080c860   BSLC667X_SpiHwSetup
10813be0   BSLC667X_SpiInitialise
10812ec0   BSLC667X_SpiTransfer
108082a8   BSLC667X_SrioCps1848MaintRd
10808200   BSLC667X_SrioCps1848MaintWr
108089c4   BSLC667X_SrioCps1848PortReset
10808768   BSLC667X_SrioCps1848ToEndPointPortSync
1080ac2c   BSLC667X_SrioDirectIORd
1080af78   BSLC667X_SrioDirectIORdSync
1080aa20   BSLC667X_SrioDirectIOWr
1080ae6c   BSLC667X_SrioDirectIOWrSync
1080a024   BSLC667X_SrioDoorBellIntrHandler
10808338   BSLC667X_SrioDspToCps1848PortSync
1080a360   BSLC667X_SrioHwConfig
10806b80   BSLC667X_SrioInitialise
1080726c   BSLC667X_SrioIntcInitialise
10809ca0   BSLC667X_SrioInterruptHandler
1080f300   BSLC667X_SrioLsuInterruptHandler
1080b910   BSLC667X_SrioMaintRd
1080bc18   BSLC667X_SrioMaintRdSync
1080b6e0   BSLC667X_SrioMaintWr
1080bb00   BSLC667X_SrioMaintWrSync
108123e0   BSLC667X_SrioUpdateDefaultHwConfig
10814f10   BSLC667X_getQuadConfig
10816320   C$$EXIT
10816038   C$$IO$$
1081d7d8   CPS1848_portmap
108160c0   CSL_CPINTC_open
10816260   CSL_PLLC_open
10816280   CSL_SRIO_Open
10813020   CSL_chipReadReg
10815500   CSL_intcClose
10813498   CSL_intcGlobalDisable
10813478   CSL_intcGlobalEnable
1081350c   CSL_intcGlobalExcepClear
108134e4   CSL_intcGlobalExcepEnable
108134f8   CSL_intcGlobalExtExcepEnable
108134d0   CSL_intcGlobalNmiEnable
108134b8   CSL_intcGlobalRestore
108163c0   CSL_intcHookIsr
1080e5a0   CSL_intcHwControl
108132a0   CSL_intcInit
10813430   CSL_intcInterruptClear
10813410   CSL_intcInterruptDisable
108133f0   CSL_intcInterruptEnable
1081344c   CSL_intcInterruptRestore
10813440   CSL_intcInterruptSet
10810d80   CSL_intcOpen
10813464   CSL_intcQueryInterruptStatus
1081ab98   Endpoints
10815140   HOSTclose
10813ce0   HOSTlseek
108142c0   HOSTopen
10814a80   HOSTread
10812580   HOSTrename
10814b40   HOSTunlink
10814c00   HOSTwrite
10802730   SrioClearLut
108024a4   SrioClearLutCps10q
108022e0   SrioClearLutTsi578
10802c68   SrioComponentTagTest
10801cd4   SrioDiscoverFullRouting
108007d8   SrioDiscoverSwitchRouting
10803090   SrioPortSQM
10802e88   SrioPortSQMInit
10803434   SrioPortSQMLog
108027f8   SrioReset
10801fcc   SrioSetRoute
108028a4   SrioSwitchRouteConfigure
108196e8   Switches
1081d5f0   _CSL_intcAllocMask
1081d594   _CSL_intcCpuIntrTable
10812040   _CSL_intcDispatcher
10810fa0   _CSL_intcEvent0Dispatcher
108111c0   _CSL_intcEvent1Dispatcher
108113e0   _CSL_intcEvent2Dispatcher
10811600   _CSL_intcEvent3Dispatcher
1081d5dc   _CSL_intcEventHandlerRecord
1081d5f4   _CSL_intcEventOffsetMap
108133e0   _CSL_intcIvpSet
108163e0   _CSL_intcNmiDummy
1081d5d8   _CSL_intcNumEvents
1081dc00   _CSL_intcVectorTable
1081de00   __CIOBUF_
1081e39c   __TI_CINIT_Base
1081e3bc   __TI_CINIT_Limit
1081e37c   __TI_Handler_Table_Base
1081e388   __TI_Handler_Table_Limit
UNDEFED    __TI_INITARRAY_Base
UNDEFED    __TI_INITARRAY_Limit
10819440   __TI_STACK_END
00003000   __TI_STACK_SIZE
1081cfc0   __TI_STATIC_BASE
00001000   __TI_SYSMEM_SIZE
UNDEFED    __TI_TLS_INIT_Base
UNDEFED    __TI_TLS_INIT_Limit
00000001   __TI_args_main
10815da0   __TI_cpp_init
10816400   __TI_decompress_none
10816420   __TI_decompress_rle24
1081db94   __TI_enable_exit_profile_output
ffffffff   __TI_pprof_out_hndl
ffffffff   __TI_prof_data_size
ffffffff   __TI_prof_data_start
10815080   __TI_tls_init
10814640   __TI_zero_init
ffffffff   __binit__
1080bce0   __c6xabi_divd
10814cc0   __c6xabi_divu
10812720   __c6xabi_divul
108104a0   __c6xabi_divull
10815e00   __c6xabi_frcmpyd_div
10816100   __c6xabi_isinf
108159e0   __c6xabi_llshl
10815e60   __c6xabi_llshru
108162a0   __c6xabi_negll
10816180   __c6xabi_strasgi_64plus
ffffffff   __c_args__
10814cc0   __divu
10816180   __strasgi_64plus
108161c0   _args_main
10813de0   _auto_init_elf
10815a60   _c_int00
108151e0   _cleanup
1081db8c   _cleanup_ptr
10813660   _closefile
1081bcc0   _ctypes_
10814d80   _doflush
1081db90   _dtors_ptr
1081da84   _ft_end
1081d5f8   _ftable
1081dba4   _lock
108153c0   _minit
108162c0   _nop
1080dce0   _printfi
10816440   _stack
10815ec0   _subcull
1081bfc0   _sys_memory
1081ad18   _tmpnams
1081dba8   _unlock
10813ee0   _wrt_ok
10816320   abort
10814480   atoi
ffffffff   binit
10814560   close
108140e0   copy_in
10814fc0   exit
10811820   fputc
1080e960   fputs
1080fd80   free
108139c0   fseek
1081e098   gSrioIsConfigured
1081d5e0   g_BSLC667X_MmcbellAppCallback
1081d544   g_BSLC667X_SrioDirectIOAppCallback
1081d54c   g_BSLC667X_SrioDoorbellAppCallback
1081d564   g_BSLC667X_SrioErrRstAppCallback
1081d590   g_BSLC667X_SrioMode
1081d554   g_BSLC667X_SrioRxCppiAppCallback
1081d55c   g_BSLC667X_SrioTxCppiAppCallback
1081d4ec   g_BoardInfo
1081cfc0   g_EvtObj
1081d3c4   g_IntcContext
1081d570   g_SrioIntStatus
1081d460   g_ucBSLC667X_IntcCombinerResource
1081d468   g_ucMmcNmeaRsBuffer
1081d4e8   g_ucMmcRsBufIdx
1081d45c   g_uiBSLC667X_IntcResource
1081d540   g_uiBSLC667X_SrioResource
1081d3c0   g_uiGlobalEnableState
1081d5ec   hSrio
10802bd0   isDiscovered
10815640   lseek
10814720   ltoa
10800210   main
10812be0   malloc
10815f80   memccpy
108156e0   memcpy
10814800   memset
108148e0   printf
10815be0   readmsg
10815c60   remove
10802ae4   setDiscoveredBit
10811e40   setvbuf
1081ab88   srioEndpoint
10819440   srioSQM
10819450   srioSwitch
1081d5e8   status
10815c60   unlink
108158c0   write
10815fe0   writemsg


GLOBAL SYMBOLS: SORTED BY Symbol Address 

address    name
--------   ----
00000001   __TI_args_main
00001000   __TI_SYSMEM_SIZE
00003000   __TI_STACK_SIZE
10800210   main
108007d8   SrioDiscoverSwitchRouting
10801cd4   SrioDiscoverFullRouting
10801fcc   SrioSetRoute
108022e0   SrioClearLutTsi578
108024a4   SrioClearLutCps10q
10802730   SrioClearLut
108027f8   SrioReset
108028a4   SrioSwitchRouteConfigure
10802ae4   setDiscoveredBit
10802bd0   isDiscovered
10802c68   SrioComponentTagTest
10802e88   SrioPortSQMInit
10803090   SrioPortSQM
10803434   SrioPortSQMLog
10804b40   BSLC667X_ControlGetControlScratch
10804b64   BSLC667X_ControlSetControlScratch
10804b8c   BSLC667X_ControlGetControlType
10804bb0   BSLC667X_ControlGetControlRevision
10804bd4   BSLC667X_ControlGetMezzanineType
10804bf8   BSLC667X_ControlGetSpiTimeout
10804c20   BSLC667X_ControlSetSpiTimeout
10804c48   BSLC667X_ControlGetFpgaBootMode
10804ca4   BSLC667X_ControlSetFpgaBootMode
10804d08   BSLC667X_ControlGetDspId
10804d2c   BSLC667X_ControlDspPOR
10804e14   BSLC667X_ControlDspLocalReset
10804f38   BSLC667X_ControlSetDspBootMode
10805040   BSLC667X_ControlGetDspBootMode
108050b8   BSLC667X_ControlIntEnable
108050e4   BSLC667X_ControlDspIntDisable
10805148   BSLC667X_ControlGetIntStatus
1080516c   BSLC667X_ControlIntClear
108051d4   BSLC667X_ControlDSPSetEndian
10805238   BSLC667X_ControlFpga0ChipReset
1080526c   BSLC667X_ControlFpga0WarmReset
108052d0   BSLC667X_ControlFpga0FlashLock
108052f8   BSLC667X_ControlFpga0FlashUnLock
1080532c   BSLC667X_ControlFlashReady
1080538c   BSLC667X_ControlFlashRead
108054c0   BSLC667X_ControlFlashWrite
108055b0   BSLC667X_ControlMdioPhyRegWrite
10805710   BSLC667X_ControlMdioPhyRegRead
10805870   BSLC667X_ControlUartRead
10805a0c   BSLC667X_ControlUartWrite
10805b70   BSLC667X_ControlUartEmptyFifo
10805c34   BSLC667X_ControlUartReadRxFifoLvl
10805cc4   BSLC667X_ControlUartReadTxFifoLvl
10805d50   BSLC667X_ControlGetBoardInfo
10805e60   BSLC667X_MmcGetuTCAGeographicAddr
10805f10   BSLC667X_MmcGetStatus
10805fb0   BSLC667X_MmcSendDiagResults
108060d0   BSLC667X_MmcGetGeographicAddr
10806170   BSLC667X_MmcGetDeviceId
108062c4   BSLC667X_MmcBoardReset
10806330   BSLC667X_MmcReadSsn
10806404   BSLC667X_MmcReadEeprom
10806564   BSLC667X_MmcWriteEeprom
1080670c   BSLC667X_MmcSendIpmiRqRawSync
10806920   BSLC667X_MmcReadLtcReg
108069ec   BSLC667X_MmcReadTempSensor
10806b80   BSLC667X_SrioInitialise
1080726c   BSLC667X_SrioIntcInitialise
10807840   BSLC667X_Initialise
108079c4   BSLC667X_GetBoardConfig
10807ecc   BSLC667X_RetrieveBoardInfo
10808200   BSLC667X_SrioCps1848MaintWr
108082a8   BSLC667X_SrioCps1848MaintRd
10808338   BSLC667X_SrioDspToCps1848PortSync
10808768   BSLC667X_SrioCps1848ToEndPointPortSync
108089c4   BSLC667X_SrioCps1848PortReset
10808b20   BSLC667X_ReadMmcFru
10809398   BSLC667X_MmcFruCheckSum
10809420   BSLC667X_Ddr3HwSetup
10809ca0   BSLC667X_SrioInterruptHandler
1080a024   BSLC667X_SrioDoorBellIntrHandler
1080a360   BSLC667X_SrioHwConfig
1080aa20   BSLC667X_SrioDirectIOWr
1080ac2c   BSLC667X_SrioDirectIORd
1080ae6c   BSLC667X_SrioDirectIOWrSync
1080af78   BSLC667X_SrioDirectIORdSync
1080b6e0   BSLC667X_SrioMaintWr
1080b910   BSLC667X_SrioMaintRd
1080bb00   BSLC667X_SrioMaintWrSync
1080bc18   BSLC667X_SrioMaintRdSync
1080bce0   __c6xabi_divd
1080c860   BSLC667X_SpiHwSetup
1080ce00   BSLC667X_PllcHwSetup
1080d300   BSLC667X_MmcAddBellIntrCallBack
1080d344   BSLC667X_MmcSendIpmiRqAsync
1080d748   BSLC667X_MmcSendIpmiRq
1080d800   BSLC667X_MmcPollReceiveResponse
1080d920   BSLC667X_MmcProcessMmcRs
1080dce0   _printfi
1080e5a0   CSL_intcHwControl
1080e960   fputs
1080f300   BSLC667X_SrioLsuInterruptHandler
1080fd80   free
10810000   BSLC667X_ControlRegWrite
10810260   BSLC667X_ControlRegRead
108104a0   __c6xabi_divull
10810d80   CSL_intcOpen
10810fa0   _CSL_intcEvent0Dispatcher
108111c0   _CSL_intcEvent1Dispatcher
108113e0   _CSL_intcEvent2Dispatcher
10811600   _CSL_intcEvent3Dispatcher
10811820   fputc
10811a40   BSLC667X_IntcInitialise
10811e40   setvbuf
10812040   _CSL_intcDispatcher
108123e0   BSLC667X_SrioUpdateDefaultHwConfig
10812580   HOSTrename
10812720   __c6xabi_divul
108128c0   BSLC667X_ControlUartSrcCntlConAtoB
10812be0   malloc
10812d60   BSLC667X_DoLsuXferSync
10812ec0   BSLC667X_SpiTransfer
10813020   CSL_chipReadReg
108132a0   CSL_intcInit
108133e0   _CSL_intcIvpSet
108133f0   CSL_intcInterruptEnable
10813410   CSL_intcInterruptDisable
10813430   CSL_intcInterruptClear
10813440   CSL_intcInterruptSet
1081344c   CSL_intcInterruptRestore
10813464   CSL_intcQueryInterruptStatus
10813478   CSL_intcGlobalEnable
10813498   CSL_intcGlobalDisable
108134b8   CSL_intcGlobalRestore
108134d0   CSL_intcGlobalNmiEnable
108134e4   CSL_intcGlobalExcepEnable
108134f8   CSL_intcGlobalExtExcepEnable
1081350c   CSL_intcGlobalExcepClear
10813660   _closefile
108139c0   fseek
10813ae0   BSLC667X_PscHwSetup
10813be0   BSLC667X_SpiInitialise
10813ce0   HOSTlseek
10813de0   _auto_init_elf
10813ee0   _wrt_ok
108140e0   copy_in
108141e0   BSLC667X_PllcInitialise
108142c0   HOSTopen
10814480   atoi
10814560   close
10814640   __TI_zero_init
10814720   ltoa
10814800   memset
108148e0   printf
108149c0   BSLC667X_DoLsuXferAsync
10814a80   HOSTread
10814b40   HOSTunlink
10814c00   HOSTwrite
10814cc0   __c6xabi_divu
10814cc0   __divu
10814d80   _doflush
10814f10   BSLC667X_getQuadConfig
10814fc0   exit
10815080   __TI_tls_init
10815140   HOSTclose
108151e0   _cleanup
108153c0   _minit
10815500   CSL_intcClose
10815640   lseek
108156e0   memcpy
108158c0   write
10815960   BSLC667X_Ddr3Initialise
108159e0   __c6xabi_llshl
10815a60   _c_int00
10815be0   readmsg
10815c60   remove
10815c60   unlink
10815ce0   BSLC667X_MicrosecWait
10815d40   BSLC667X_MmcInitialise
10815da0   __TI_cpp_init
10815e00   __c6xabi_frcmpyd_div
10815e60   __c6xabi_llshru
10815ec0   _subcull
10815f80   memccpy
10815fe0   writemsg
10816038   C$$IO$$
10816040   BSLC667X_ControlInitialise
10816080   BSLC667X_DspGetGeoAddr
108160c0   CSL_CPINTC_open
10816100   __c6xabi_isinf
10816180   __c6xabi_strasgi_64plus
10816180   __strasgi_64plus
108161c0   _args_main
10816240   BSLC667X_PscInitialise
10816260   CSL_PLLC_open
10816280   CSL_SRIO_Open
108162a0   __c6xabi_negll
108162c0   _nop
10816320   C$$EXIT
10816320   abort
108163a0   BSLC667X_MmcIpmiRsCallbk
108163c0   CSL_intcHookIsr
108163e0   _CSL_intcNmiDummy
10816400   __TI_decompress_none
10816420   __TI_decompress_rle24
10816440   _stack
10819440   __TI_STACK_END
10819440   srioSQM
10819450   srioSwitch
108196e8   Switches
1081ab88   srioEndpoint
1081ab98   Endpoints
1081ad18   _tmpnams
1081bcc0   _ctypes_
1081bfc0   _sys_memory
1081cfc0   __TI_STATIC_BASE
1081cfc0   g_EvtObj
1081d3c0   g_uiGlobalEnableState
1081d3c4   g_IntcContext
1081d45c   g_uiBSLC667X_IntcResource
1081d460   g_ucBSLC667X_IntcCombinerResource
1081d468   g_ucMmcNmeaRsBuffer
1081d4e8   g_ucMmcRsBufIdx
1081d4ec   g_BoardInfo
1081d540   g_uiBSLC667X_SrioResource
1081d544   g_BSLC667X_SrioDirectIOAppCallback
1081d54c   g_BSLC667X_SrioDoorbellAppCallback
1081d554   g_BSLC667X_SrioRxCppiAppCallback
1081d55c   g_BSLC667X_SrioTxCppiAppCallback
1081d564   g_BSLC667X_SrioErrRstAppCallback
1081d570   g_SrioIntStatus
1081d590   g_BSLC667X_SrioMode
1081d594   _CSL_intcCpuIntrTable
1081d5d8   _CSL_intcNumEvents
1081d5dc   _CSL_intcEventHandlerRecord
1081d5e0   g_BSLC667X_MmcbellAppCallback
1081d5e8   status
1081d5ec   hSrio
1081d5f0   _CSL_intcAllocMask
1081d5f4   _CSL_intcEventOffsetMap
1081d5f8   _ftable
1081d7d8   CPS1848_portmap
1081da84   _ft_end
1081db80   BSLC667X_MmcuTCAIpmiGeoAddr
1081db8c   _cleanup_ptr
1081db90   _dtors_ptr
1081db94   __TI_enable_exit_profile_output
1081dba4   _lock
1081dba8   _unlock
1081dc00   _CSL_intcVectorTable
1081de00   __CIOBUF_
1081e098   gSrioIsConfigured
1081e37c   __TI_Handler_Table_Base
1081e388   __TI_Handler_Table_Limit
1081e39c   __TI_CINIT_Base
1081e3bc   __TI_CINIT_Limit
ffffffff   __TI_pprof_out_hndl
ffffffff   __TI_prof_data_size
ffffffff   __TI_prof_data_start
ffffffff   __binit__
ffffffff   __c_args__
ffffffff   binit
UNDEFED    __TI_INITARRAY_Base
UNDEFED    __TI_INITARRAY_Limit
UNDEFED    __TI_TLS_INIT_Base
UNDEFED    __TI_TLS_INIT_Limit

[264 symbols]
